// Jest Snapshot v1, https://goo.gl/fbAQLP

exports[`<Footer /> Matches snapshot 1`] = `
<div
  className="landbot-input-container"
>
  <div
    className="field"
  >
    <div
      className="control"
    >
      Test
    </div>
  </div>
</div>
`;
