// Jest Snapshot v1, https://goo.gl/fbAQLP

exports[`<Input /> Matches snapshot 1`] = `
<input
  className="landbot-input"
  onChange={[Function]}
  onKeyUp={[Function]}
  placeholder="test"
  type="text"
  value="test"
/>
`;
